// Jest Snapshot v1, https://goo.gl/fbAQLP

exports[`should render expense list  1`] = `
<div>
  <Link
    replace={false}
    to="/edit/undefined"
  />
  <p>
      
  </p>
</div>
`;

exports[`should render expense list  2`] = `
<div>
  <Link
    replace={false}
    to="/edit/undefined"
  />
  <p>
      
  </p>
</div>
`;

exports[`should render expense list  3`] = `
<div>
  <Link
    replace={false}
    to="/edit/undefined"
  />
  <p>
      
  </p>
</div>
`;
