// Jest Snapshot v1, https://goo.gl/fbAQLP

exports[`should render ExpenseDashBoardPage  1`] = `
<div>
  This is from dashboard component
  <Connect(ExpenseListFilters) />
  <Connect(ExpenseList) />
</div>
`;
